
> campusrunner@0.1.0 build
> next build

node.exe : ΓÜá Warning: Next.js inferred your workspace root, but it may not 
be correct.
At C:\Program Files\nodejs\npm.ps1:29 char:3
+   & $NODE_EXE $NPM_CLI_JS $args
+   ~~~~~~~~~~~~~~~~~~~~~~~~~~~~~
    + CategoryInfo          : NotSpecified: (ΓÜá Warning: Ne...not be correct. 
   :String) [], RemoteException
    + FullyQualifiedErrorId : NativeCommandError
 
 We detected multiple lockfiles and selected the directory of 
C:\Users\HP\Documents\package-lock.json as the root directory.
 To silence this warning, set `turbopack.root` in your Next.js config, or 
consider removing one of the lockfiles if it's not needed.
   See https://nextjs.org/docs/app/api-reference/config/next-config-js/turbopac
k#root-directory for more information.
 Detected additional lockfiles: 
   * C:\Users\HP\Documents\campusrunner\package-lock.json

Γû▓ Next.js 16.1.6 (Turbopack)
- Environments: .env.local

ΓÜá The "middleware" file convention is deprecated. Please use "proxy" 
instead. Learn more: https://nextjs.org/docs/messages/middleware-to-proxy
  Creating an optimized production build ...

> Build error occurred
Error: Turbopack build failed with 1 errors:
./campusrunner/app/student/page.tsx:90:49
Parsing ecmascript source code failed
[0m [90m 88 |[39m               }[33m;[39m
 [90m 89 |[39m               [36mreturn[39m (
[31m[1m>[22m[39m[90m 90 |[39m                 [33m<[39m[33mdiv[39m 
key[33m=[39m{i} className[33m=[39m{
 [90m    |[39m                                                 
[31m[1m^[22m[39m
 [90m 91 |[39m ounded[33m-[39mxl p[33m-[39m[35m4[39m border 
}[33m>[39m
 [90m 92 |[39m                   [33m<[39m[33mIcon[39m 
className[33m=[39m[32m"h-6 w-6 mb-2"[39m [33m/[39m[33m>[39m
 [90m 93 |[39m                   [33m<[39m[33mp[39m 
className[33m=[39m[32m"text-2xl font-bold text-gray-900 mb-1"[39m[33m>[39
m{stat[33m.[39mvalue}[33m<[39m[33m/[39m[33mp[39m[33m>[39m[0m

Expected '</', got 'ident'


    at <unknown> (./campusrunner/app/student/page.tsx:90:49)
